 * Serving Flask app 'app'
 * Debug mode: off
python : WARNING: This is a development server. Do not use it in a production 
deployment. Use a production WSGI server instead.
At line:1 char:1
+ python run.py 2>&1 | Tee-Object -FilePath "error_log.txt"
+ ~~~~~~~~~~~~~~~~~~
    + CategoryInfo          : NotSpecified: (WARNING: This i...server instead. 
   :String) [], RemoteException
    + FullyQualifiedErrorId : NativeCommandError
 
 * Running on all addresses (0.0.0.0)
 * Running on http://127.0.0.1:8000
 * Running on http://192.168.0.100:8000
Press CTRL+C to quit
